[2026-06-05 15:19:28 UTC] Starting skill learning...
[2026-06-05 15:19:28 UTC] Next skill: duckduckgo-search (index: 0)
[2026-06-05 15:19:28 UTC] Installing: duckduckgo-search
[2026-06-05 15:19:29 UTC] Installed: duckduckgo-search
[2026-06-05 15:23:09 UTC] Starting skill learning...
[2026-06-05 15:23:09 UTC] Next skill: searxng-search (index: 1)
[2026-06-05 15:23:09 UTC] Installing: searxng-search
[2026-06-05 15:25:14 UTC] Starting skill learning...
[2026-06-05 15:25:14 UTC] Next skill: searxng-search (index: 1)
[2026-06-05 15:25:14 UTC] Installing: searxng-search
[2026-06-05 15:25:15 UTC] Installed: searxng-search
[2026-06-05 15:26:19 UTC] Starting skill learning...
[2026-06-05 15:26:19 UTC] Next skill: duckduckgo-search (index: 0)
[2026-06-05 15:26:19 UTC] Installing: duckduckgo-search
[2026-06-05 15:26:20 UTC] Installed: duckduckgo-search
[2026-06-05 16:26:31 UTC] Starting skill learning...
[2026-06-05 16:26:31 UTC] Next skill: duckduckgo-search (index: 0)
[2026-06-05 16:26:31 UTC] Installing: duckduckgo-search
[2026-06-05 16:26:32 UTC] Installed: duckduckgo-search
[2026-06-05 16:26:36 UTC] Starting skill learning...
[2026-06-05 16:26:36 UTC] Next skill: duckduckgo-search (index: 0)
[2026-06-05 16:26:36 UTC] Installing: duckduckgo-search
[2026-06-05 16:26:37 UTC] Installed: duckduckgo-search
[2026-06-05 16:30:51 UTC] Starting skill learning...
[2026-06-05 16:30:51 UTC] Next skill: duckduckgo-search (index: 0)
[2026-06-05 16:30:51 UTC] Installing: duckduckgo-search
[2026-06-05 16:30:52 UTC] Installed: duckduckgo-search
[2026-06-05 17:31:18 UTC] Starting skill learning...
[2026-06-05 17:31:18 UTC] Next skill: duckduckgo-search (index: 0)
[2026-06-05 17:31:19 UTC] Installing: duckduckgo-search
[2026-06-05 17:31:19 UTC] Installed: duckduckgo-search
[2026-06-05 17:33:28 UTC] Starting skill learning...
[2026-06-05 17:33:29 UTC] Next skill: duckduckgo-search (index: 0)
[2026-06-05 17:33:29 UTC] Installing: duckduckgo-search
[2026-06-05 17:33:30 UTC] Installed: duckduckgo-search
[2026-06-05 18:40:48 UTC] Starting skill learning...
[2026-06-05 18:40:48 UTC] Next skill: duckduckgo-search (index: 0)
[2026-06-05 18:40:48 UTC] Installing: duckduckgo-search
[2026-06-05 18:40:49 UTC] Installed: duckduckgo-search
[2026-06-05 18:40:53 UTC] Starting skill learning...
[2026-06-05 18:40:53 UTC] Next skill: duckduckgo-search (index: 0)
[2026-06-05 18:40:53 UTC] Installing: duckduckgo-search
[2026-06-05 18:40:53 UTC] Installed: duckduckgo-search
[2026-06-05 19:47:39 UTC] Starting skill learning...
[2026-06-05 19:47:39 UTC] Next skill: duckduckgo-search (index: 0)
[2026-06-05 19:47:39 UTC] Installing: duckduckgo-search
[2026-06-05 19:47:40 UTC] Installed: duckduckgo-search
[2026-06-05 19:47:44 UTC] Starting skill learning...
[2026-06-05 19:47:45 UTC] Next skill: duckduckgo-search (index: 0)
[2026-06-05 19:47:45 UTC] Installing: duckduckgo-search
[2026-06-05 19:47:45 UTC] Installed: duckduckgo-search
[2026-06-05 19:48:48 UTC] Starting skill learning...
[2026-06-05 19:48:48 UTC] Next skill: duckduckgo-search (index: 0)
[2026-06-05 19:48:48 UTC] Installing: duckduckgo-search
[2026-06-05 19:48:49 UTC] Installed: duckduckgo-search
[2026-06-05 19:48:52 UTC] Starting skill learning...
[2026-06-05 19:48:52 UTC] Next skill: duckduckgo-search (index: 0)
[2026-06-05 19:48:52 UTC] Installing: duckduckgo-search
[2026-06-05 19:48:52 UTC] Installed: duckduckgo-search
[2026-06-05 20:50:26 UTC] Starting skill learning...
[2026-06-05 20:50:27 UTC] Next skill: duckduckgo-search (index: 0)
[2026-06-05 20:50:27 UTC] Installing: duckduckgo-search
[2026-06-05 20:50:28 UTC] Installed: duckduckgo-search
[2026-06-05 20:50:33 UTC] Starting skill learning...
[2026-06-05 20:50:33 UTC] Next skill: duckduckgo-search (index: 0)
[2026-06-05 20:50:33 UTC] Installing: duckduckgo-search
[2026-06-05 20:50:34 UTC] Installed: duckduckgo-search
[2026-06-05 21:53:53 UTC] Starting skill learning...
[2026-06-05 21:53:53 UTC] Next skill: duckduckgo-search (index: 0)
[2026-06-05 21:53:54 UTC] Installing: duckduckgo-search
[2026-06-05 21:53:54 UTC] Installed: duckduckgo-search
[2026-06-05 21:54:00 UTC] Starting skill learning...
[2026-06-05 21:54:00 UTC] Next skill: duckduckgo-search (index: 0)
[2026-06-05 21:54:00 UTC] Installing: duckduckgo-search
[2026-06-05 21:54:01 UTC] Installed: duckduckgo-search
[2026-06-05 21:55:27 UTC] Starting skill learning...
[2026-06-05 21:55:27 UTC] Next skill: duckduckgo-search (index: 0)
[2026-06-05 21:55:27 UTC] Installing: duckduckgo-search
[2026-06-05 21:55:28 UTC] Installed: duckduckgo-search
[2026-06-05 22:58:02 UTC] Starting skill learning...
[2026-06-05 22:58:02 UTC] Next skill: duckduckgo-search (index: 0)
[2026-06-05 22:58:02 UTC] Installing: duckduckgo-search
[2026-06-05 22:58:03 UTC] Installed: duckduckgo-search
[2026-06-05 23:00:11 UTC] Starting skill learning...
[2026-06-05 23:00:11 UTC] Next skill: duckduckgo-search (index: 0)
[2026-06-05 23:00:11 UTC] Installing: duckduckgo-search
[2026-06-05 23:00:11 UTC] Installed: duckduckgo-search
[2026-06-06 00:05:30 UTC] Starting skill learning...
[2026-06-06 00:05:30 UTC] Next skill: searxng-search (index: 1)
[2026-06-06 00:05:31 UTC] Installing: searxng-search
[2026-06-06 00:05:31 UTC] Installed: searxng-search
[2026-06-06 00:06:06 UTC] Starting skill learning...
[2026-06-06 00:06:06 UTC] Next skill: duckduckgo-search (index: 0)
[2026-06-06 00:06:07 UTC] Installing: duckduckgo-search
[2026-06-06 00:06:07 UTC] Installed: duckduckgo-search
[2026-06-06 00:07:17 UTC] Starting skill learning...
[2026-06-06 00:07:17 UTC] Next skill: duckduckgo-search (index: 0)
[2026-06-06 00:07:17 UTC] Installing: duckduckgo-search
[2026-06-06 00:07:18 UTC] Installed: duckduckgo-search
[2026-06-06 00:13:37 UTC] Next skill: scrapling (index: 2/118)
[2026-06-06 00:13:37 UTC] Installing: scrapling
[2026-06-06 00:13:38 UTC] Installed: scrapling
[2026-06-06 06:14:11 UTC] Next skill: code-wiki (index: 3/118)
[2026-06-06 06:14:11 UTC] Installing: code-wiki
[2026-06-06 06:14:19 UTC] Installed: code-wiki
[2026-06-06 12:15:29 UTC] Next skill: rest-graphql-debug (index: 4/118)
[2026-06-06 12:15:29 UTC] Installing: rest-graphql-debug
[2026-06-06 18:33:36 UTC] Next skill: rest-graphql-debug (index: 4/118)
[2026-06-06 18:33:36 UTC] Installing: rest-graphql-debug
[2026-06-07 00:58:48 UTC] Next skill: rest-graphql-debug (index: 4/118)
[2026-06-07 00:58:48 UTC] Installing: rest-graphql-debug
[2026-06-07 07:16:54 UTC] Next skill: rest-graphql-debug (index: 4/118)
[2026-06-07 07:16:54 UTC] Installing: rest-graphql-debug
[2026-06-07 13:31:41 UTC] Next skill: rest-graphql-debug (index: 4/118)
[2026-06-07 13:31:41 UTC] Installing: rest-graphql-debug
[2026-06-07 19:35:42 UTC] Next skill: rest-graphql-debug (index: 4/118)
[2026-06-07 19:35:42 UTC] Installing: rest-graphql-debug
[2026-06-08 01:39:50 UTC] Next skill: docker-management (index: 5/118)
[2026-06-08 01:39:50 UTC] Installing: docker-management
[2026-06-08 07:43:27 UTC] Next skill: fastmcp (index: 6/118)
[2026-06-08 07:43:27 UTC] Installing: fastmcp
[2026-06-08 13:46:32 UTC] Next skill: fastmcp (index: 6/118)
[2026-06-08 13:46:32 UTC] Installing: fastmcp
[2026-06-08 19:50:52 UTC] Next skill: fastmcp (index: 6/118)
[2026-06-08 19:50:52 UTC] Installing: fastmcp
[2026-06-09 01:54:17 UTC] Next skill: fastmcp (index: 6/118)
[2026-06-09 01:54:17 UTC] Installing: fastmcp
[2026-06-09 07:57:24 UTC] Next skill: fastmcp (index: 6/118)
[2026-06-09 07:57:24 UTC] Installing: fastmcp
